// Jest Snapshot v1, https://goo.gl/fbAQLP

exports[`Test all the App: should match the snapshot APP 1`] = `<div />`;

exports[`Test all the App: should match the snapshot NationRoute 1`] = `<div />`;

exports[`Test all the App: should match the snapshot Winner 1`] = `<div />`;

exports[`should match the snapshot Allroutes 1`] = `<div />`;
